
Compiling lib\main.dart for the Web...                          
flutter : Target 
dart2js failed: 
ProcessException: 
Process exited 
abnormally with exit 
code 1:
At line:1 char:59
+ ...  
ministry_of_truth; 
flutter build web > 
build_errors.txt 2>&1; 
cat bu ...
+                      
   ~~~~~~~~~~~~~~~~~~~~
~~~~~~~~~~~~~~~~~~~~~
    + CategoryInfo     
         : NotSpecifi  
  ed: (Target dart2j   
 s ...th exit code     
1::String) [], Rem    
oteException
    + FullyQualifiedEr 
   rorId : NativeComm  
  andError
 
lib/screens/analyzing_s
creen.dart:94:20:
Error: Can't find ')' 
to match '('.
    return Scaffold(
                   ^
Error: Compilation 
failed.
  Command: C:\src\flutt
er\bin\cache\dart-sdk\b
in\dart.exe 
--disable-dart-dev C:\s
rc\flutter\bin\cache\da
rt-sdk\bin\snapshots\da
rt2js.dart.snapshot --p
latform-binaries=C:\src
\flutter\bin\cache\flut
ter_web_sdk\kernel 
--invoker=flutter_tool 
-Ddart.vm.product=true 
-DFLUTTER_WEB_AUTO_DETE
CT=false -DFLUTTER_WEB_
USE_SKIA=true -DFLUTTER
_WEB_CANVASKIT_URL=http
s://www.gstatic.com/flu
tter-canvaskit/a18df97c
a57a249df5d8d68cd082060
0223ce262/ --native-nul
l-assertions 
--no-source-maps -o C:\
Users\adity\Desktop\Int
ern projects\ai-detecto
r\ministry_of_truth\.da
rt_tool\flutter_build\4
afee95618fbe4fc3c64e5ce
67030be7\app.dill --pac
kages=.dart_tool/packag
e_config.json 
--cfe-only C:\Users\adi
ty\Desktop\Intern proje
cts\ai-detector\ministr
y_of_truth\.dart_tool\f
lutter_build\4afee95618
fbe4fc3c64e5ce67030be7\
main.dart
#0      RunResult.throw
Exception (package:flut
ter_tools/src/base/proc
ess.dart:122:5)
#1      _DefaultProcess
Utils.run (package:flut
ter_tools/src/base/proc
ess.dart:370:19)
<asynchronous 
suspension>
#2      
Dart2JSTarget.build (pa
ckage:flutter_tools/src
/build_system/targets/w
eb.dart:203:5)
<asynchronous 
suspension>
#3      _BuildInstance.
_invokeInternal (packag
e:flutter_tools/src/bui
ld_system/build_system.
dart:875:9)
<asynchronous 
suspension>
#4      
Future.wait.<anonymous 
closure> (dart:async/fu
ture.dart:534:21)
<asynchronous 
suspension>
#5      _BuildInstance.
invokeTarget (package:f
lutter_tools/src/build_
system/build_system.dar
t:813:32)
<asynchronous 
suspension>
#6      
Future.wait.<anonymous 
closure> (dart:async/fu
ture.dart:534:21)
<asynchronous 
suspension>
#7      _BuildInstance.
invokeTarget (package:f
lutter_tools/src/build_
system/build_system.dar
t:813:32)
<asynchronous 
suspension>
#8      FlutterBuildSys
tem.build (package:flut
ter_tools/src/build_sys
tem/build_system.dart:6
35:16)
<asynchronous 
suspension>
#9      
WebBuilder.buildWeb (pa
ckage:flutter_tools/src
/web/compile.dart:92:34
)
<asynchronous 
suspension>
#10     BuildWebCommand
.runCommand (package:fl
utter_tools/src/command
s/build_web.dart:230:5)
<asynchronous 
suspension>
#11     FlutterCommand.
run.<anonymous 
closure> (package:flutt
er_tools/src/runner/flu
tter_command.dart:1408:
27)
<asynchronous 
suspension>
#12     AppContext.run.
<anonymous closure> (pa
ckage:flutter_tools/src
/base/context.dart:153:
19)
<asynchronous 
suspension>
#13     CommandRunner.r
unCommand (package:args
/command_runner.dart:21
2:13)
<asynchronous 
suspension>
#14     FlutterCommandR
unner.runCommand.<anony
mous closure> (package:
flutter_tools/src/runne
r/flutter_command_runne
r.dart:420:9)
<asynchronous 
suspension>
#15     AppContext.run.
<anonymous closure> (pa
ckage:flutter_tools/src
/base/context.dart:153:
19)
<asynchronous 
suspension>
#16     FlutterCommandR
unner.runCommand (packa
ge:flutter_tools/src/ru
nner/flutter_command_ru
nner.dart:364:5)
<asynchronous 
suspension>
#17     run.<anonymous 
closure>.<anonymous 
closure> (package:flutt
er_tools/runner.dart:13
0:9)
<asynchronous 
suspension>
#18     AppContext.run.
<anonymous closure> (pa
ckage:flutter_tools/src
/base/context.dart:153:
19)
<asynchronous 
suspension>
#19     main (package:f
lutter_tools/executable
.dart:93:3)
<asynchronous 
suspension>

Compiling lib\main.dart for the Web...                             39.7s
Error: Failed to 
compile application 
for the Web.
